components/ColetaDadosForm.tsx(119,9): error TS2322: Type 'Resolver<{ tipoDemanda: string; fullName?: string | undefined; phone?: string | undefined; email?: string | undefined; responsavel?: string | undefined; comentario?: string | undefined; cards?: { ...; }[] | undefined; }, any, { ...; }>' is not assignable to type 'Resolver<{ tipoDemanda: string; cards: { bank?: string | undefined; bankOther?: string | undefined; card?: string | undefined; cardOther?: string | undefined; brand?: string | undefined; brandOther?: string | undefined; category?: string | undefined; categoryOther?: string | undefined; monthlySpend?: string | undefi...'.
  Types of parameters 'options' and 'options' are incompatible.
    Type 'ResolverOptions<{ tipoDemanda: string; cards: { bank?: string | undefined; bankOther?: string | undefined; card?: string | undefined; cardOther?: string | undefined; brand?: string | undefined; brandOther?: string | undefined; category?: string | undefined; categoryOther?: string | undefined; monthlySpend?: string |...' is not assignable to type 'ResolverOptions<{ tipoDemanda: string; fullName?: string | undefined; phone?: string | undefined; email?: string | undefined; responsavel?: string | undefined; comentario?: string | undefined; cards?: { ...; }[] | undefined; }>'.
      Type '{ bank?: string | undefined; bankOther?: string | undefined; card?: string | undefined; cardOther?: string | undefined; brand?: string | undefined; brandOther?: string | undefined; category?: string | undefined; categoryOther?: string | undefined; monthlySpend?: string | undefined; annuityFree?: string | undefined; ...' is not assignable to type '{ bank?: string | undefined; bankOther?: string | undefined; card?: string | undefined; cardOther?: string | undefined; brand?: string | undefined; brandOther?: string | undefined; category?: string | undefined; categoryOther?: string | undefined; monthlySpend?: string | undefined; annuityFree?: string | undefined; ...'. Two different types with this name exist, but they are unrelated.
        Type 'undefined' is not assignable to type '{ bank?: string | undefined; bankOther?: string | undefined; card?: string | undefined; cardOther?: string | undefined; brand?: string | undefined; brandOther?: string | undefined; category?: string | undefined; categoryOther?: string | undefined; monthlySpend?: string | undefined; annuityFree?: string | undefined; ...'.
components/ColetaDadosForm.tsx(376,59): error TS2345: Argument of type '(values: { tipoDemanda: string; cards: { bank?: string | undefined; bankOther?: string | undefined; card?: string | undefined; cardOther?: string | undefined; brand?: string | undefined; brandOther?: string | undefined; category?: string | undefined; categoryOther?: string | undefined; monthlySpend?: string | undefi...' is not assignable to parameter of type 'SubmitHandler<TFieldValues>'.
  Types of parameters 'values' and 'data' are incompatible.
    Type 'TFieldValues' is not assignable to type '{ tipoDemanda: string; cards: { bank?: string | undefined; bankOther?: string | undefined; card?: string | undefined; cardOther?: string | undefined; brand?: string | undefined; brandOther?: string | undefined; category?: string | undefined; categoryOther?: string | undefined; monthlySpend?: string | undefined; annu...'.
      Type 'FieldValues' is missing the following properties from type '{ tipoDemanda: string; cards: { bank?: string | undefined; bankOther?: string | undefined; card?: string | undefined; cardOther?: string | undefined; brand?: string | undefined; brandOther?: string | undefined; category?: string | undefined; categoryOther?: string | undefined; monthlySpend?: string | undefined; annu...': tipoDemanda, cards
components/ColetaDadosForm.tsx(380,37): error TS2719: Type 'import("C:/Antigravity/coleta-dados-ffp/node_modules/react-hook-form/dist/types/form").Control<{ tipoDemanda: string; cards: { bank?: string | undefined; bankOther?: string | undefined; card?: string | undefined; cardOther?: string | undefined; brand?: string | undefined; brandOther?: string | undefined; category?: ...' is not assignable to type 'import("C:/Antigravity/coleta-dados-ffp/node_modules/react-hook-form/dist/types/form").Control<{ tipoDemanda: string; cards: { bank?: string | undefined; bankOther?: string | undefined; card?: string | undefined; cardOther?: string | undefined; brand?: string | undefined; brandOther?: string | undefined; category?: ...'. Two different types with this name exist, but they are unrelated.
  The types of '_options.resolver' are incompatible between these types.
    Type 'import("C:/Antigravity/coleta-dados-ffp/node_modules/react-hook-form/dist/types/resolvers").Resolver<{ tipoDemanda: string; cards: { bank?: string | undefined; bankOther?: string | undefined; card?: string | undefined; cardOther?: string | undefined; brand?: string | undefined; brandOther?: string | undefined; categ...' is not assignable to type 'import("C:/Antigravity/coleta-dados-ffp/node_modules/react-hook-form/dist/types/resolvers").Resolver<{ tipoDemanda: string; cards: { bank?: string | undefined; bankOther?: string | undefined; card?: string | undefined; cardOther?: string | undefined; brand?: string | undefined; brandOther?: string | undefined; categ...'. Two different types with this name exist, but they are unrelated.
      Type 'import("C:/Antigravity/coleta-dados-ffp/node_modules/react-hook-form/dist/types/resolvers").Resolver<{ tipoDemanda: string; cards: { bank?: string | undefined; bankOther?: string | undefined; card?: string | undefined; cardOther?: string | undefined; brand?: string | undefined; brandOther?: string | undefined; categ...' is not assignable to type 'import("C:/Antigravity/coleta-dados-ffp/node_modules/react-hook-form/dist/types/resolvers").Resolver<{ tipoDemanda: string; cards: { bank?: string | undefined; bankOther?: string | undefined; card?: string | undefined; cardOther?: string | undefined; brand?: string | undefined; brandOther?: string | undefined; categ...'. Two different types with this name exist, but they are unrelated.
        Type 'import("C:/Antigravity/coleta-dados-ffp/node_modules/react-hook-form/dist/types/resolvers").ResolverResult<{ tipoDemanda: string; cards: { bank?: string | undefined; bankOther?: string | undefined; card?: string | undefined; cardOther?: string | undefined; brand?: string | undefined; brandOther?: string | undefined;...' is not assignable to type 'import("C:/Antigravity/coleta-dados-ffp/node_modules/react-hook-form/dist/types/resolvers").ResolverResult<{ tipoDemanda: string; cards: { bank?: string | undefined; bankOther?: string | undefined; card?: string | undefined; cardOther?: string | undefined; brand?: string | undefined; brandOther?: string | undefined;...'. Two different types with this name exist, but they are unrelated.
          Type 'ResolverSuccess<TFieldValues>' is not assignable to type 'ResolverResult<{ tipoDemanda: string; cards: { bank?: string | undefined; bankOther?: string | undefined; card?: string | undefined; cardOther?: string | undefined; brand?: string | undefined; brandOther?: string | undefined; category?: string | undefined; categoryOther?: string | undefined; monthlySpend?: string | ...'.
            Type 'ResolverSuccess<TFieldValues>' is not assignable to type 'ResolverSuccess<{ tipoDemanda: string; cards: { bank?: string | undefined; bankOther?: string | undefined; card?: string | undefined; cardOther?: string | undefined; brand?: string | undefined; brandOther?: string | undefined; category?: string | undefined; categoryOther?: string | undefined; monthlySpend?: string |...'.
              Type 'TFieldValues' is not assignable to type '{ tipoDemanda: string; cards: { bank?: string | undefined; bankOther?: string | undefined; card?: string | undefined; cardOther?: string | undefined; brand?: string | undefined; brandOther?: string | undefined; category?: string | undefined; categoryOther?: string | undefined; monthlySpend?: string | undefined; annu...'.
                Type 'FieldValues' is missing the following properties from type '{ tipoDemanda: string; cards: { bank?: string | undefined; bankOther?: string | undefined; card?: string | undefined; cardOther?: string | undefined; brand?: string | undefined; brandOther?: string | undefined; category?: string | undefined; categoryOther?: string | undefined; monthlySpend?: string | undefined; annu...': tipoDemanda, cards
components/ColetaDadosForm.tsx(393,37): error TS2719: Type 'import("C:/Antigravity/coleta-dados-ffp/node_modules/react-hook-form/dist/types/form").Control<{ tipoDemanda: string; cards: { bank?: string | undefined; bankOther?: string | undefined; card?: string | undefined; cardOther?: string | undefined; brand?: string | undefined; brandOther?: string | undefined; category?: ...' is not assignable to type 'import("C:/Antigravity/coleta-dados-ffp/node_modules/react-hook-form/dist/types/form").Control<{ tipoDemanda: string; cards: { bank?: string | undefined; bankOther?: string | undefined; card?: string | undefined; cardOther?: string | undefined; brand?: string | undefined; brandOther?: string | undefined; category?: ...'. Two different types with this name exist, but they are unrelated.
  The types of '_options.resolver' are incompatible between these types.
    Type 'import("C:/Antigravity/coleta-dados-ffp/node_modules/react-hook-form/dist/types/resolvers").Resolver<{ tipoDemanda: string; cards: { bank?: string | undefined; bankOther?: string | undefined; card?: string | undefined; cardOther?: string | undefined; brand?: string | undefined; brandOther?: string | undefined; categ...' is not assignable to type 'import("C:/Antigravity/coleta-dados-ffp/node_modules/react-hook-form/dist/types/resolvers").Resolver<{ tipoDemanda: string; cards: { bank?: string | undefined; bankOther?: string | undefined; card?: string | undefined; cardOther?: string | undefined; brand?: string | undefined; brandOther?: string | undefined; categ...'. Two different types with this name exist, but they are unrelated.
      Type 'import("C:/Antigravity/coleta-dados-ffp/node_modules/react-hook-form/dist/types/resolvers").Resolver<{ tipoDemanda: string; cards: { bank?: string | undefined; bankOther?: string | undefined; card?: string | undefined; cardOther?: string | undefined; brand?: string | undefined; brandOther?: string | undefined; categ...' is not assignable to type 'import("C:/Antigravity/coleta-dados-ffp/node_modules/react-hook-form/dist/types/resolvers").Resolver<{ tipoDemanda: string; cards: { bank?: string | undefined; bankOther?: string | undefined; card?: string | undefined; cardOther?: string | undefined; brand?: string | undefined; brandOther?: string | undefined; categ...'. Two different types with this name exist, but they are unrelated.
        Type 'import("C:/Antigravity/coleta-dados-ffp/node_modules/react-hook-form/dist/types/resolvers").ResolverResult<{ tipoDemanda: string; cards: { bank?: string | undefined; bankOther?: string | undefined; card?: string | undefined; cardOther?: string | undefined; brand?: string | undefined; brandOther?: string | undefined;...' is not assignable to type 'import("C:/Antigravity/coleta-dados-ffp/node_modules/react-hook-form/dist/types/resolvers").ResolverResult<{ tipoDemanda: string; cards: { bank?: string | undefined; bankOther?: string | undefined; card?: string | undefined; cardOther?: string | undefined; brand?: string | undefined; brandOther?: string | undefined;...'. Two different types with this name exist, but they are unrelated.
          Type 'ResolverSuccess<TFieldValues>' is not assignable to type 'ResolverResult<{ tipoDemanda: string; cards: { bank?: string | undefined; bankOther?: string | undefined; card?: string | undefined; cardOther?: string | undefined; brand?: string | undefined; brandOther?: string | undefined; category?: string | undefined; categoryOther?: string | undefined; monthlySpend?: string | ...'.
            Type 'ResolverSuccess<TFieldValues>' is not assignable to type 'ResolverSuccess<{ tipoDemanda: string; cards: { bank?: string | undefined; bankOther?: string | undefined; card?: string | undefined; cardOther?: string | undefined; brand?: string | undefined; brandOther?: string | undefined; category?: string | undefined; categoryOther?: string | undefined; monthlySpend?: string |...'.
              Type 'TFieldValues' is not assignable to type '{ tipoDemanda: string; cards: { bank?: string | undefined; bankOther?: string | undefined; card?: string | undefined; cardOther?: string | undefined; brand?: string | undefined; brandOther?: string | undefined; category?: string | undefined; categoryOther?: string | undefined; monthlySpend?: string | undefined; annu...'.
                Type 'FieldValues' is missing the following properties from type '{ tipoDemanda: string; cards: { bank?: string | undefined; bankOther?: string | undefined; card?: string | undefined; cardOther?: string | undefined; brand?: string | undefined; brandOther?: string | undefined; category?: string | undefined; categoryOther?: string | undefined; monthlySpend?: string | undefined; annu...': tipoDemanda, cards
components/ColetaDadosForm.tsx(411,37): error TS2719: Type 'import("C:/Antigravity/coleta-dados-ffp/node_modules/react-hook-form/dist/types/form").Control<{ tipoDemanda: string; cards: { bank?: string | undefined; bankOther?: string | undefined; card?: string | undefined; cardOther?: string | undefined; brand?: string | undefined; brandOther?: string | undefined; category?: ...' is not assignable to type 'import("C:/Antigravity/coleta-dados-ffp/node_modules/react-hook-form/dist/types/form").Control<{ tipoDemanda: string; cards: { bank?: string | undefined; bankOther?: string | undefined; card?: string | undefined; cardOther?: string | undefined; brand?: string | undefined; brandOther?: string | undefined; category?: ...'. Two different types with this name exist, but they are unrelated.
  The types of '_options.resolver' are incompatible between these types.
    Type 'import("C:/Antigravity/coleta-dados-ffp/node_modules/react-hook-form/dist/types/resolvers").Resolver<{ tipoDemanda: string; cards: { bank?: string | undefined; bankOther?: string | undefined; card?: string | undefined; cardOther?: string | undefined; brand?: string | undefined; brandOther?: string | undefined; categ...' is not assignable to type 'import("C:/Antigravity/coleta-dados-ffp/node_modules/react-hook-form/dist/types/resolvers").Resolver<{ tipoDemanda: string; cards: { bank?: string | undefined; bankOther?: string | undefined; card?: string | undefined; cardOther?: string | undefined; brand?: string | undefined; brandOther?: string | undefined; categ...'. Two different types with this name exist, but they are unrelated.
      Type 'import("C:/Antigravity/coleta-dados-ffp/node_modules/react-hook-form/dist/types/resolvers").Resolver<{ tipoDemanda: string; cards: { bank?: string | undefined; bankOther?: string | undefined; card?: string | undefined; cardOther?: string | undefined; brand?: string | undefined; brandOther?: string | undefined; categ...' is not assignable to type 'import("C:/Antigravity/coleta-dados-ffp/node_modules/react-hook-form/dist/types/resolvers").Resolver<{ tipoDemanda: string; cards: { bank?: string | undefined; bankOther?: string | undefined; card?: string | undefined; cardOther?: string | undefined; brand?: string | undefined; brandOther?: string | undefined; categ...'. Two different types with this name exist, but they are unrelated.
        Type 'import("C:/Antigravity/coleta-dados-ffp/node_modules/react-hook-form/dist/types/resolvers").ResolverResult<{ tipoDemanda: string; cards: { bank?: string | undefined; bankOther?: string | undefined; card?: string | undefined; cardOther?: string | undefined; brand?: string | undefined; brandOther?: string | undefined;...' is not assignable to type 'import("C:/Antigravity/coleta-dados-ffp/node_modules/react-hook-form/dist/types/resolvers").ResolverResult<{ tipoDemanda: string; cards: { bank?: string | undefined; bankOther?: string | undefined; card?: string | undefined; cardOther?: string | undefined; brand?: string | undefined; brandOther?: string | undefined;...'. Two different types with this name exist, but they are unrelated.
          Type 'ResolverSuccess<TFieldValues>' is not assignable to type 'ResolverResult<{ tipoDemanda: string; cards: { bank?: string | undefined; bankOther?: string | undefined; card?: string | undefined; cardOther?: string | undefined; brand?: string | undefined; brandOther?: string | undefined; category?: string | undefined; categoryOther?: string | undefined; monthlySpend?: string | ...'.
            Type 'ResolverSuccess<TFieldValues>' is not assignable to type 'ResolverSuccess<{ tipoDemanda: string; cards: { bank?: string | undefined; bankOther?: string | undefined; card?: string | undefined; cardOther?: string | undefined; brand?: string | undefined; brandOther?: string | undefined; category?: string | undefined; categoryOther?: string | undefined; monthlySpend?: string |...'.
              Type 'TFieldValues' is not assignable to type '{ tipoDemanda: string; cards: { bank?: string | undefined; bankOther?: string | undefined; card?: string | undefined; cardOther?: string | undefined; brand?: string | undefined; brandOther?: string | undefined; category?: string | undefined; categoryOther?: string | undefined; monthlySpend?: string | undefined; annu...'.
                Type 'FieldValues' is missing the following properties from type '{ tipoDemanda: string; cards: { bank?: string | undefined; bankOther?: string | undefined; card?: string | undefined; cardOther?: string | undefined; brand?: string | undefined; brandOther?: string | undefined; category?: string | undefined; categoryOther?: string | undefined; monthlySpend?: string | undefined; annu...': tipoDemanda, cards
components/ColetaDadosForm.tsx(428,37): error TS2719: Type 'import("C:/Antigravity/coleta-dados-ffp/node_modules/react-hook-form/dist/types/form").Control<{ tipoDemanda: string; cards: { bank?: string | undefined; bankOther?: string | undefined; card?: string | undefined; cardOther?: string | undefined; brand?: string | undefined; brandOther?: string | undefined; category?: ...' is not assignable to type 'import("C:/Antigravity/coleta-dados-ffp/node_modules/react-hook-form/dist/types/form").Control<{ tipoDemanda: string; cards: { bank?: string | undefined; bankOther?: string | undefined; card?: string | undefined; cardOther?: string | undefined; brand?: string | undefined; brandOther?: string | undefined; category?: ...'. Two different types with this name exist, but they are unrelated.
  The types of '_options.resolver' are incompatible between these types.
    Type 'import("C:/Antigravity/coleta-dados-ffp/node_modules/react-hook-form/dist/types/resolvers").Resolver<{ tipoDemanda: string; cards: { bank?: string | undefined; bankOther?: string | undefined; card?: string | undefined; cardOther?: string | undefined; brand?: string | undefined; brandOther?: string | undefined; categ...' is not assignable to type 'import("C:/Antigravity/coleta-dados-ffp/node_modules/react-hook-form/dist/types/resolvers").Resolver<{ tipoDemanda: string; cards: { bank?: string | undefined; bankOther?: string | undefined; card?: string | undefined; cardOther?: string | undefined; brand?: string | undefined; brandOther?: string | undefined; categ...'. Two different types with this name exist, but they are unrelated.
      Type 'import("C:/Antigravity/coleta-dados-ffp/node_modules/react-hook-form/dist/types/resolvers").Resolver<{ tipoDemanda: string; cards: { bank?: string | undefined; bankOther?: string | undefined; card?: string | undefined; cardOther?: string | undefined; brand?: string | undefined; brandOther?: string | undefined; categ...' is not assignable to type 'import("C:/Antigravity/coleta-dados-ffp/node_modules/react-hook-form/dist/types/resolvers").Resolver<{ tipoDemanda: string; cards: { bank?: string | undefined; bankOther?: string | undefined; card?: string | undefined; cardOther?: string | undefined; brand?: string | undefined; brandOther?: string | undefined; categ...'. Two different types with this name exist, but they are unrelated.
        Type 'import("C:/Antigravity/coleta-dados-ffp/node_modules/react-hook-form/dist/types/resolvers").ResolverResult<{ tipoDemanda: string; cards: { bank?: string | undefined; bankOther?: string | undefined; card?: string | undefined; cardOther?: string | undefined; brand?: string | undefined; brandOther?: string | undefined;...' is not assignable to type 'import("C:/Antigravity/coleta-dados-ffp/node_modules/react-hook-form/dist/types/resolvers").ResolverResult<{ tipoDemanda: string; cards: { bank?: string | undefined; bankOther?: string | undefined; card?: string | undefined; cardOther?: string | undefined; brand?: string | undefined; brandOther?: string | undefined;...'. Two different types with this name exist, but they are unrelated.
          Type 'ResolverSuccess<TFieldValues>' is not assignable to type 'ResolverResult<{ tipoDemanda: string; cards: { bank?: string | undefined; bankOther?: string | undefined; card?: string | undefined; cardOther?: string | undefined; brand?: string | undefined; brandOther?: string | undefined; category?: string | undefined; categoryOther?: string | undefined; monthlySpend?: string | ...'.
            Type 'ResolverSuccess<TFieldValues>' is not assignable to type 'ResolverSuccess<{ tipoDemanda: string; cards: { bank?: string | undefined; bankOther?: string | undefined; card?: string | undefined; cardOther?: string | undefined; brand?: string | undefined; brandOther?: string | undefined; category?: string | undefined; categoryOther?: string | undefined; monthlySpend?: string |...'.
              Type 'TFieldValues' is not assignable to type '{ tipoDemanda: string; cards: { bank?: string | undefined; bankOther?: string | undefined; card?: string | undefined; cardOther?: string | undefined; brand?: string | undefined; brandOther?: string | undefined; category?: string | undefined; categoryOther?: string | undefined; monthlySpend?: string | undefined; annu...'.
                Type 'FieldValues' is missing the following properties from type '{ tipoDemanda: string; cards: { bank?: string | undefined; bankOther?: string | undefined; card?: string | undefined; cardOther?: string | undefined; brand?: string | undefined; brandOther?: string | undefined; category?: string | undefined; categoryOther?: string | undefined; monthlySpend?: string | undefined; annu...': tipoDemanda, cards
components/ColetaDadosForm.tsx(441,37): error TS2719: Type 'import("C:/Antigravity/coleta-dados-ffp/node_modules/react-hook-form/dist/types/form").Control<{ tipoDemanda: string; cards: { bank?: string | undefined; bankOther?: string | undefined; card?: string | undefined; cardOther?: string | undefined; brand?: string | undefined; brandOther?: string | undefined; category?: ...' is not assignable to type 'import("C:/Antigravity/coleta-dados-ffp/node_modules/react-hook-form/dist/types/form").Control<{ tipoDemanda: string; cards: { bank?: string | undefined; bankOther?: string | undefined; card?: string | undefined; cardOther?: string | undefined; brand?: string | undefined; brandOther?: string | undefined; category?: ...'. Two different types with this name exist, but they are unrelated.
  The types of '_options.resolver' are incompatible between these types.
    Type 'import("C:/Antigravity/coleta-dados-ffp/node_modules/react-hook-form/dist/types/resolvers").Resolver<{ tipoDemanda: string; cards: { bank?: string | undefined; bankOther?: string | undefined; card?: string | undefined; cardOther?: string | undefined; brand?: string | undefined; brandOther?: string | undefined; categ...' is not assignable to type 'import("C:/Antigravity/coleta-dados-ffp/node_modules/react-hook-form/dist/types/resolvers").Resolver<{ tipoDemanda: string; cards: { bank?: string | undefined; bankOther?: string | undefined; card?: string | undefined; cardOther?: string | undefined; brand?: string | undefined; brandOther?: string | undefined; categ...'. Two different types with this name exist, but they are unrelated.
      Type 'import("C:/Antigravity/coleta-dados-ffp/node_modules/react-hook-form/dist/types/resolvers").Resolver<{ tipoDemanda: string; cards: { bank?: string | undefined; bankOther?: string | undefined; card?: string | undefined; cardOther?: string | undefined; brand?: string | undefined; brandOther?: string | undefined; categ...' is not assignable to type 'import("C:/Antigravity/coleta-dados-ffp/node_modules/react-hook-form/dist/types/resolvers").Resolver<{ tipoDemanda: string; cards: { bank?: string | undefined; bankOther?: string | undefined; card?: string | undefined; cardOther?: string | undefined; brand?: string | undefined; brandOther?: string | undefined; categ...'. Two different types with this name exist, but they are unrelated.
        Type 'import("C:/Antigravity/coleta-dados-ffp/node_modules/react-hook-form/dist/types/resolvers").ResolverResult<{ tipoDemanda: string; cards: { bank?: string | undefined; bankOther?: string | undefined; card?: string | undefined; cardOther?: string | undefined; brand?: string | undefined; brandOther?: string | undefined;...' is not assignable to type 'import("C:/Antigravity/coleta-dados-ffp/node_modules/react-hook-form/dist/types/resolvers").ResolverResult<{ tipoDemanda: string; cards: { bank?: string | undefined; bankOther?: string | undefined; card?: string | undefined; cardOther?: string | undefined; brand?: string | undefined; brandOther?: string | undefined;...'. Two different types with this name exist, but they are unrelated.
          Type 'ResolverSuccess<TFieldValues>' is not assignable to type 'ResolverResult<{ tipoDemanda: string; cards: { bank?: string | undefined; bankOther?: string | undefined; card?: string | undefined; cardOther?: string | undefined; brand?: string | undefined; brandOther?: string | undefined; category?: string | undefined; categoryOther?: string | undefined; monthlySpend?: string | ...'.
            Type 'ResolverSuccess<TFieldValues>' is not assignable to type 'ResolverSuccess<{ tipoDemanda: string; cards: { bank?: string | undefined; bankOther?: string | undefined; card?: string | undefined; cardOther?: string | undefined; brand?: string | undefined; brandOther?: string | undefined; category?: string | undefined; categoryOther?: string | undefined; monthlySpend?: string |...'.
              Type 'TFieldValues' is not assignable to type '{ tipoDemanda: string; cards: { bank?: string | undefined; bankOther?: string | undefined; card?: string | undefined; cardOther?: string | undefined; brand?: string | undefined; brandOther?: string | undefined; category?: string | undefined; categoryOther?: string | undefined; monthlySpend?: string | undefined; annu...'.
                Type 'FieldValues' is missing the following properties from type '{ tipoDemanda: string; cards: { bank?: string | undefined; bankOther?: string | undefined; card?: string | undefined; cardOther?: string | undefined; brand?: string | undefined; brandOther?: string | undefined; category?: string | undefined; categoryOther?: string | undefined; monthlySpend?: string | undefined; annu...': tipoDemanda, cards
components/ColetaDadosForm.tsx(467,33): error TS2719: Type 'import("C:/Antigravity/coleta-dados-ffp/node_modules/react-hook-form/dist/types/form").Control<{ tipoDemanda: string; cards: { bank?: string | undefined; bankOther?: string | undefined; card?: string | undefined; cardOther?: string | undefined; brand?: string | undefined; brandOther?: string | undefined; category?: ...' is not assignable to type 'import("C:/Antigravity/coleta-dados-ffp/node_modules/react-hook-form/dist/types/form").Control<{ tipoDemanda: string; cards: { bank?: string | undefined; bankOther?: string | undefined; card?: string | undefined; cardOther?: string | undefined; brand?: string | undefined; brandOther?: string | undefined; category?: ...'. Two different types with this name exist, but they are unrelated.
  The types of '_options.resolver' are incompatible between these types.
    Type 'import("C:/Antigravity/coleta-dados-ffp/node_modules/react-hook-form/dist/types/resolvers").Resolver<{ tipoDemanda: string; cards: { bank?: string | undefined; bankOther?: string | undefined; card?: string | undefined; cardOther?: string | undefined; brand?: string | undefined; brandOther?: string | undefined; categ...' is not assignable to type 'import("C:/Antigravity/coleta-dados-ffp/node_modules/react-hook-form/dist/types/resolvers").Resolver<{ tipoDemanda: string; cards: { bank?: string | undefined; bankOther?: string | undefined; card?: string | undefined; cardOther?: string | undefined; brand?: string | undefined; brandOther?: string | undefined; categ...'. Two different types with this name exist, but they are unrelated.
      Type 'import("C:/Antigravity/coleta-dados-ffp/node_modules/react-hook-form/dist/types/resolvers").Resolver<{ tipoDemanda: string; cards: { bank?: string | undefined; bankOther?: string | undefined; card?: string | undefined; cardOther?: string | undefined; brand?: string | undefined; brandOther?: string | undefined; categ...' is not assignable to type 'import("C:/Antigravity/coleta-dados-ffp/node_modules/react-hook-form/dist/types/resolvers").Resolver<{ tipoDemanda: string; cards: { bank?: string | undefined; bankOther?: string | undefined; card?: string | undefined; cardOther?: string | undefined; brand?: string | undefined; brandOther?: string | undefined; categ...'. Two different types with this name exist, but they are unrelated.
        Type 'import("C:/Antigravity/coleta-dados-ffp/node_modules/react-hook-form/dist/types/resolvers").ResolverResult<{ tipoDemanda: string; cards: { bank?: string | undefined; bankOther?: string | undefined; card?: string | undefined; cardOther?: string | undefined; brand?: string | undefined; brandOther?: string | undefined;...' is not assignable to type 'import("C:/Antigravity/coleta-dados-ffp/node_modules/react-hook-form/dist/types/resolvers").ResolverResult<{ tipoDemanda: string; cards: { bank?: string | undefined; bankOther?: string | undefined; card?: string | undefined; cardOther?: string | undefined; brand?: string | undefined; brandOther?: string | undefined;...'. Two different types with this name exist, but they are unrelated.
          Type 'ResolverSuccess<TFieldValues>' is not assignable to type 'ResolverResult<{ tipoDemanda: string; cards: { bank?: string | undefined; bankOther?: string | undefined; card?: string | undefined; cardOther?: string | undefined; brand?: string | undefined; brandOther?: string | undefined; category?: string | undefined; categoryOther?: string | undefined; monthlySpend?: string | ...'.
            Type 'ResolverSuccess<TFieldValues>' is not assignable to type 'ResolverSuccess<{ tipoDemanda: string; cards: { bank?: string | undefined; bankOther?: string | undefined; card?: string | undefined; cardOther?: string | undefined; brand?: string | undefined; brandOther?: string | undefined; category?: string | undefined; categoryOther?: string | undefined; monthlySpend?: string |...'.
              Type 'TFieldValues' is not assignable to type '{ tipoDemanda: string; cards: { bank?: string | undefined; bankOther?: string | undefined; card?: string | undefined; cardOther?: string | undefined; brand?: string | undefined; brandOther?: string | undefined; category?: string | undefined; categoryOther?: string | undefined; monthlySpend?: string | undefined; annu...'.
                Type 'FieldValues' is missing the following properties from type '{ tipoDemanda: string; cards: { bank?: string | undefined; bankOther?: string | undefined; card?: string | undefined; cardOther?: string | undefined; brand?: string | undefined; brandOther?: string | undefined; category?: string | undefined; categoryOther?: string | undefined; monthlySpend?: string | undefined; annu...': tipoDemanda, cards
components/ColetaDadosForm.tsx(542,65): error TS2719: Type 'import("C:/Antigravity/coleta-dados-ffp/node_modules/react-hook-form/dist/types/form").Control<{ tipoDemanda: string; cards: { bank?: string | undefined; bankOther?: string | undefined; card?: string | undefined; cardOther?: string | undefined; brand?: string | undefined; brandOther?: string | undefined; category?: ...' is not assignable to type 'import("C:/Antigravity/coleta-dados-ffp/node_modules/react-hook-form/dist/types/form").Control<{ tipoDemanda: string; cards: { bank?: string | undefined; bankOther?: string | undefined; card?: string | undefined; cardOther?: string | undefined; brand?: string | undefined; brandOther?: string | undefined; category?: ...'. Two different types with this name exist, but they are unrelated.
  The types of '_options.resolver' are incompatible between these types.
    Type 'import("C:/Antigravity/coleta-dados-ffp/node_modules/react-hook-form/dist/types/resolvers").Resolver<{ tipoDemanda: string; cards: { bank?: string | undefined; bankOther?: string | undefined; card?: string | undefined; cardOther?: string | undefined; brand?: string | undefined; brandOther?: string | undefined; categ...' is not assignable to type 'import("C:/Antigravity/coleta-dados-ffp/node_modules/react-hook-form/dist/types/resolvers").Resolver<{ tipoDemanda: string; cards: { bank?: string | undefined; bankOther?: string | undefined; card?: string | undefined; cardOther?: string | undefined; brand?: string | undefined; brandOther?: string | undefined; categ...'. Two different types with this name exist, but they are unrelated.
      Type 'import("C:/Antigravity/coleta-dados-ffp/node_modules/react-hook-form/dist/types/resolvers").Resolver<{ tipoDemanda: string; cards: { bank?: string | undefined; bankOther?: string | undefined; card?: string | undefined; cardOther?: string | undefined; brand?: string | undefined; brandOther?: string | undefined; categ...' is not assignable to type 'import("C:/Antigravity/coleta-dados-ffp/node_modules/react-hook-form/dist/types/resolvers").Resolver<{ tipoDemanda: string; cards: { bank?: string | undefined; bankOther?: string | undefined; card?: string | undefined; cardOther?: string | undefined; brand?: string | undefined; brandOther?: string | undefined; categ...'. Two different types with this name exist, but they are unrelated.
        Type 'import("C:/Antigravity/coleta-dados-ffp/node_modules/react-hook-form/dist/types/resolvers").ResolverResult<{ tipoDemanda: string; cards: { bank?: string | undefined; bankOther?: string | undefined; card?: string | undefined; cardOther?: string | undefined; brand?: string | undefined; brandOther?: string | undefined;...' is not assignable to type 'import("C:/Antigravity/coleta-dados-ffp/node_modules/react-hook-form/dist/types/resolvers").ResolverResult<{ tipoDemanda: string; cards: { bank?: string | undefined; bankOther?: string | undefined; card?: string | undefined; cardOther?: string | undefined; brand?: string | undefined; brandOther?: string | undefined;...'. Two different types with this name exist, but they are unrelated.
          Type 'ResolverSuccess<TFieldValues>' is not assignable to type 'ResolverResult<{ tipoDemanda: string; cards: { bank?: string | undefined; bankOther?: string | undefined; card?: string | undefined; cardOther?: string | undefined; brand?: string | undefined; brandOther?: string | undefined; category?: string | undefined; categoryOther?: string | undefined; monthlySpend?: string | ...'.
            Type 'ResolverSuccess<TFieldValues>' is not assignable to type 'ResolverSuccess<{ tipoDemanda: string; cards: { bank?: string | undefined; bankOther?: string | undefined; card?: string | undefined; cardOther?: string | undefined; brand?: string | undefined; brandOther?: string | undefined; category?: string | undefined; categoryOther?: string | undefined; monthlySpend?: string |...'.
              Type 'TFieldValues' is not assignable to type '{ tipoDemanda: string; cards: { bank?: string | undefined; bankOther?: string | undefined; card?: string | undefined; cardOther?: string | undefined; brand?: string | undefined; brandOther?: string | undefined; category?: string | undefined; categoryOther?: string | undefined; monthlySpend?: string | undefined; annu...'.
                Type 'FieldValues' is missing the following properties from type '{ tipoDemanda: string; cards: { bank?: string | undefined; bankOther?: string | undefined; card?: string | undefined; cardOther?: string | undefined; brand?: string | undefined; brandOther?: string | undefined; category?: string | undefined; categoryOther?: string | undefined; monthlySpend?: string | undefined; annu...': tipoDemanda, cards
components/ColetaDadosForm.tsx(578,65): error TS2719: Type 'import("C:/Antigravity/coleta-dados-ffp/node_modules/react-hook-form/dist/types/form").Control<{ tipoDemanda: string; cards: { bank?: string | undefined; bankOther?: string | undefined; card?: string | undefined; cardOther?: string | undefined; brand?: string | undefined; brandOther?: string | undefined; category?: ...' is not assignable to type 'import("C:/Antigravity/coleta-dados-ffp/node_modules/react-hook-form/dist/types/form").Control<{ tipoDemanda: string; cards: { bank?: string | undefined; bankOther?: string | undefined; card?: string | undefined; cardOther?: string | undefined; brand?: string | undefined; brandOther?: string | undefined; category?: ...'. Two different types with this name exist, but they are unrelated.
  The types of '_options.resolver' are incompatible between these types.
    Type 'import("C:/Antigravity/coleta-dados-ffp/node_modules/react-hook-form/dist/types/resolvers").Resolver<{ tipoDemanda: string; cards: { bank?: string | undefined; bankOther?: string | undefined; card?: string | undefined; cardOther?: string | undefined; brand?: string | undefined; brandOther?: string | undefined; categ...' is not assignable to type 'import("C:/Antigravity/coleta-dados-ffp/node_modules/react-hook-form/dist/types/resolvers").Resolver<{ tipoDemanda: string; cards: { bank?: string | undefined; bankOther?: string | undefined; card?: string | undefined; cardOther?: string | undefined; brand?: string | undefined; brandOther?: string | undefined; categ...'. Two different types with this name exist, but they are unrelated.
      Type 'import("C:/Antigravity/coleta-dados-ffp/node_modules/react-hook-form/dist/types/resolvers").Resolver<{ tipoDemanda: string; cards: { bank?: string | undefined; bankOther?: string | undefined; card?: string | undefined; cardOther?: string | undefined; brand?: string | undefined; brandOther?: string | undefined; categ...' is not assignable to type 'import("C:/Antigravity/coleta-dados-ffp/node_modules/react-hook-form/dist/types/resolvers").Resolver<{ tipoDemanda: string; cards: { bank?: string | undefined; bankOther?: string | undefined; card?: string | undefined; cardOther?: string | undefined; brand?: string | undefined; brandOther?: string | undefined; categ...'. Two different types with this name exist, but they are unrelated.
        Type 'import("C:/Antigravity/coleta-dados-ffp/node_modules/react-hook-form/dist/types/resolvers").ResolverResult<{ tipoDemanda: string; cards: { bank?: string | undefined; bankOther?: string | undefined; card?: string | undefined; cardOther?: string | undefined; brand?: string | undefined; brandOther?: string | undefined;...' is not assignable to type 'import("C:/Antigravity/coleta-dados-ffp/node_modules/react-hook-form/dist/types/resolvers").ResolverResult<{ tipoDemanda: string; cards: { bank?: string | undefined; bankOther?: string | undefined; card?: string | undefined; cardOther?: string | undefined; brand?: string | undefined; brandOther?: string | undefined;...'. Two different types with this name exist, but they are unrelated.
          Type 'ResolverSuccess<TFieldValues>' is not assignable to type 'ResolverResult<{ tipoDemanda: string; cards: { bank?: string | undefined; bankOther?: string | undefined; card?: string | undefined; cardOther?: string | undefined; brand?: string | undefined; brandOther?: string | undefined; category?: string | undefined; categoryOther?: string | undefined; monthlySpend?: string | ...'.
            Type 'ResolverSuccess<TFieldValues>' is not assignable to type 'ResolverSuccess<{ tipoDemanda: string; cards: { bank?: string | undefined; bankOther?: string | undefined; card?: string | undefined; cardOther?: string | undefined; brand?: string | undefined; brandOther?: string | undefined; category?: string | undefined; categoryOther?: string | undefined; monthlySpend?: string |...'.
              Type 'TFieldValues' is not assignable to type '{ tipoDemanda: string; cards: { bank?: string | undefined; bankOther?: string | undefined; card?: string | undefined; cardOther?: string | undefined; brand?: string | undefined; brandOther?: string | undefined; category?: string | undefined; categoryOther?: string | undefined; monthlySpend?: string | undefined; annu...'.
                Type 'FieldValues' is missing the following properties from type '{ tipoDemanda: string; cards: { bank?: string | undefined; bankOther?: string | undefined; card?: string | undefined; cardOther?: string | undefined; brand?: string | undefined; brandOther?: string | undefined; category?: string | undefined; categoryOther?: string | undefined; monthlySpend?: string | undefined; annu...': tipoDemanda, cards
components/ColetaDadosForm.tsx(616,65): error TS2719: Type 'import("C:/Antigravity/coleta-dados-ffp/node_modules/react-hook-form/dist/types/form").Control<{ tipoDemanda: string; cards: { bank?: string | undefined; bankOther?: string | undefined; card?: string | undefined; cardOther?: string | undefined; brand?: string | undefined; brandOther?: string | undefined; category?: ...' is not assignable to type 'import("C:/Antigravity/coleta-dados-ffp/node_modules/react-hook-form/dist/types/form").Control<{ tipoDemanda: string; cards: { bank?: string | undefined; bankOther?: string | undefined; card?: string | undefined; cardOther?: string | undefined; brand?: string | undefined; brandOther?: string | undefined; category?: ...'. Two different types with this name exist, but they are unrelated.
  The types of '_options.resolver' are incompatible between these types.
    Type 'import("C:/Antigravity/coleta-dados-ffp/node_modules/react-hook-form/dist/types/resolvers").Resolver<{ tipoDemanda: string; cards: { bank?: string | undefined; bankOther?: string | undefined; card?: string | undefined; cardOther?: string | undefined; brand?: string | undefined; brandOther?: string | undefined; categ...' is not assignable to type 'import("C:/Antigravity/coleta-dados-ffp/node_modules/react-hook-form/dist/types/resolvers").Resolver<{ tipoDemanda: string; cards: { bank?: string | undefined; bankOther?: string | undefined; card?: string | undefined; cardOther?: string | undefined; brand?: string | undefined; brandOther?: string | undefined; categ...'. Two different types with this name exist, but they are unrelated.
      Type 'import("C:/Antigravity/coleta-dados-ffp/node_modules/react-hook-form/dist/types/resolvers").Resolver<{ tipoDemanda: string; cards: { bank?: string | undefined; bankOther?: string | undefined; card?: string | undefined; cardOther?: string | undefined; brand?: string | undefined; brandOther?: string | undefined; categ...' is not assignable to type 'import("C:/Antigravity/coleta-dados-ffp/node_modules/react-hook-form/dist/types/resolvers").Resolver<{ tipoDemanda: string; cards: { bank?: string | undefined; bankOther?: string | undefined; card?: string | undefined; cardOther?: string | undefined; brand?: string | undefined; brandOther?: string | undefined; categ...'. Two different types with this name exist, but they are unrelated.
        Type 'import("C:/Antigravity/coleta-dados-ffp/node_modules/react-hook-form/dist/types/resolvers").ResolverResult<{ tipoDemanda: string; cards: { bank?: string | undefined; bankOther?: string | undefined; card?: string | undefined; cardOther?: string | undefined; brand?: string | undefined; brandOther?: string | undefined;...' is not assignable to type 'import("C:/Antigravity/coleta-dados-ffp/node_modules/react-hook-form/dist/types/resolvers").ResolverResult<{ tipoDemanda: string; cards: { bank?: string | undefined; bankOther?: string | undefined; card?: string | undefined; cardOther?: string | undefined; brand?: string | undefined; brandOther?: string | undefined;...'. Two different types with this name exist, but they are unrelated.
          Type 'ResolverSuccess<TFieldValues>' is not assignable to type 'ResolverResult<{ tipoDemanda: string; cards: { bank?: string | undefined; bankOther?: string | undefined; card?: string | undefined; cardOther?: string | undefined; brand?: string | undefined; brandOther?: string | undefined; category?: string | undefined; categoryOther?: string | undefined; monthlySpend?: string | ...'.
            Type 'ResolverSuccess<TFieldValues>' is not assignable to type 'ResolverSuccess<{ tipoDemanda: string; cards: { bank?: string | undefined; bankOther?: string | undefined; card?: string | undefined; cardOther?: string | undefined; brand?: string | undefined; brandOther?: string | undefined; category?: string | undefined; categoryOther?: string | undefined; monthlySpend?: string |...'.
              Type 'TFieldValues' is not assignable to type '{ tipoDemanda: string; cards: { bank?: string | undefined; bankOther?: string | undefined; card?: string | undefined; cardOther?: string | undefined; brand?: string | undefined; brandOther?: string | undefined; category?: string | undefined; categoryOther?: string | undefined; monthlySpend?: string | undefined; annu...'.
                Type 'FieldValues' is missing the following properties from type '{ tipoDemanda: string; cards: { bank?: string | undefined; bankOther?: string | undefined; card?: string | undefined; cardOther?: string | undefined; brand?: string | undefined; brandOther?: string | undefined; category?: string | undefined; categoryOther?: string | undefined; monthlySpend?: string | undefined; annu...': tipoDemanda, cards
components/ColetaDadosForm.tsx(666,65): error TS2719: Type 'import("C:/Antigravity/coleta-dados-ffp/node_modules/react-hook-form/dist/types/form").Control<{ tipoDemanda: string; cards: { bank?: string | undefined; bankOther?: string | undefined; card?: string | undefined; cardOther?: string | undefined; brand?: string | undefined; brandOther?: string | undefined; category?: ...' is not assignable to type 'import("C:/Antigravity/coleta-dados-ffp/node_modules/react-hook-form/dist/types/form").Control<{ tipoDemanda: string; cards: { bank?: string | undefined; bankOther?: string | undefined; card?: string | undefined; cardOther?: string | undefined; brand?: string | undefined; brandOther?: string | undefined; category?: ...'. Two different types with this name exist, but they are unrelated.
  The types of '_options.resolver' are incompatible between these types.
    Type 'import("C:/Antigravity/coleta-dados-ffp/node_modules/react-hook-form/dist/types/resolvers").Resolver<{ tipoDemanda: string; cards: { bank?: string | undefined; bankOther?: string | undefined; card?: string | undefined; cardOther?: string | undefined; brand?: string | undefined; brandOther?: string | undefined; categ...' is not assignable to type 'import("C:/Antigravity/coleta-dados-ffp/node_modules/react-hook-form/dist/types/resolvers").Resolver<{ tipoDemanda: string; cards: { bank?: string | undefined; bankOther?: string | undefined; card?: string | undefined; cardOther?: string | undefined; brand?: string | undefined; brandOther?: string | undefined; categ...'. Two different types with this name exist, but they are unrelated.
      Type 'import("C:/Antigravity/coleta-dados-ffp/node_modules/react-hook-form/dist/types/resolvers").Resolver<{ tipoDemanda: string; cards: { bank?: string | undefined; bankOther?: string | undefined; card?: string | undefined; cardOther?: string | undefined; brand?: string | undefined; brandOther?: string | undefined; categ...' is not assignable to type 'import("C:/Antigravity/coleta-dados-ffp/node_modules/react-hook-form/dist/types/resolvers").Resolver<{ tipoDemanda: string; cards: { bank?: string | undefined; bankOther?: string | undefined; card?: string | undefined; cardOther?: string | undefined; brand?: string | undefined; brandOther?: string | undefined; categ...'. Two different types with this name exist, but they are unrelated.
        Type 'import("C:/Antigravity/coleta-dados-ffp/node_modules/react-hook-form/dist/types/resolvers").ResolverResult<{ tipoDemanda: string; cards: { bank?: string | undefined; bankOther?: string | undefined; card?: string | undefined; cardOther?: string | undefined; brand?: string | undefined; brandOther?: string | undefined;...' is not assignable to type 'import("C:/Antigravity/coleta-dados-ffp/node_modules/react-hook-form/dist/types/resolvers").ResolverResult<{ tipoDemanda: string; cards: { bank?: string | undefined; bankOther?: string | undefined; card?: string | undefined; cardOther?: string | undefined; brand?: string | undefined; brandOther?: string | undefined;...'. Two different types with this name exist, but they are unrelated.
          Type 'ResolverSuccess<TFieldValues>' is not assignable to type 'ResolverResult<{ tipoDemanda: string; cards: { bank?: string | undefined; bankOther?: string | undefined; card?: string | undefined; cardOther?: string | undefined; brand?: string | undefined; brandOther?: string | undefined; category?: string | undefined; categoryOther?: string | undefined; monthlySpend?: string | ...'.
            Type 'ResolverSuccess<TFieldValues>' is not assignable to type 'ResolverSuccess<{ tipoDemanda: string; cards: { bank?: string | undefined; bankOther?: string | undefined; card?: string | undefined; cardOther?: string | undefined; brand?: string | undefined; brandOther?: string | undefined; category?: string | undefined; categoryOther?: string | undefined; monthlySpend?: string |...'.
              Type 'TFieldValues' is not assignable to type '{ tipoDemanda: string; cards: { bank?: string | undefined; bankOther?: string | undefined; card?: string | undefined; cardOther?: string | undefined; brand?: string | undefined; brandOther?: string | undefined; category?: string | undefined; categoryOther?: string | undefined; monthlySpend?: string | undefined; annu...'.
                Type 'FieldValues' is missing the following properties from type '{ tipoDemanda: string; cards: { bank?: string | undefined; bankOther?: string | undefined; card?: string | undefined; cardOther?: string | undefined; brand?: string | undefined; brandOther?: string | undefined; category?: string | undefined; categoryOther?: string | undefined; monthlySpend?: string | undefined; annu...': tipoDemanda, cards
components/ColetaDadosForm.tsx(719,65): error TS2719: Type 'import("C:/Antigravity/coleta-dados-ffp/node_modules/react-hook-form/dist/types/form").Control<{ tipoDemanda: string; cards: { bank?: string | undefined; bankOther?: string | undefined; card?: string | undefined; cardOther?: string | undefined; brand?: string | undefined; brandOther?: string | undefined; category?: ...' is not assignable to type 'import("C:/Antigravity/coleta-dados-ffp/node_modules/react-hook-form/dist/types/form").Control<{ tipoDemanda: string; cards: { bank?: string | undefined; bankOther?: string | undefined; card?: string | undefined; cardOther?: string | undefined; brand?: string | undefined; brandOther?: string | undefined; category?: ...'. Two different types with this name exist, but they are unrelated.
  The types of '_options.resolver' are incompatible between these types.
    Type 'import("C:/Antigravity/coleta-dados-ffp/node_modules/react-hook-form/dist/types/resolvers").Resolver<{ tipoDemanda: string; cards: { bank?: string | undefined; bankOther?: string | undefined; card?: string | undefined; cardOther?: string | undefined; brand?: string | undefined; brandOther?: string | undefined; categ...' is not assignable to type 'import("C:/Antigravity/coleta-dados-ffp/node_modules/react-hook-form/dist/types/resolvers").Resolver<{ tipoDemanda: string; cards: { bank?: string | undefined; bankOther?: string | undefined; card?: string | undefined; cardOther?: string | undefined; brand?: string | undefined; brandOther?: string | undefined; categ...'. Two different types with this name exist, but they are unrelated.
      Type 'import("C:/Antigravity/coleta-dados-ffp/node_modules/react-hook-form/dist/types/resolvers").Resolver<{ tipoDemanda: string; cards: { bank?: string | undefined; bankOther?: string | undefined; card?: string | undefined; cardOther?: string | undefined; brand?: string | undefined; brandOther?: string | undefined; categ...' is not assignable to type 'import("C:/Antigravity/coleta-dados-ffp/node_modules/react-hook-form/dist/types/resolvers").Resolver<{ tipoDemanda: string; cards: { bank?: string | undefined; bankOther?: string | undefined; card?: string | undefined; cardOther?: string | undefined; brand?: string | undefined; brandOther?: string | undefined; categ...'. Two different types with this name exist, but they are unrelated.
        Type 'import("C:/Antigravity/coleta-dados-ffp/node_modules/react-hook-form/dist/types/resolvers").ResolverResult<{ tipoDemanda: string; cards: { bank?: string | undefined; bankOther?: string | undefined; card?: string | undefined; cardOther?: string | undefined; brand?: string | undefined; brandOther?: string | undefined;...' is not assignable to type 'import("C:/Antigravity/coleta-dados-ffp/node_modules/react-hook-form/dist/types/resolvers").ResolverResult<{ tipoDemanda: string; cards: { bank?: string | undefined; bankOther?: string | undefined; card?: string | undefined; cardOther?: string | undefined; brand?: string | undefined; brandOther?: string | undefined;...'. Two different types with this name exist, but they are unrelated.
          Type 'ResolverSuccess<TFieldValues>' is not assignable to type 'ResolverResult<{ tipoDemanda: string; cards: { bank?: string | undefined; bankOther?: string | undefined; card?: string | undefined; cardOther?: string | undefined; brand?: string | undefined; brandOther?: string | undefined; category?: string | undefined; categoryOther?: string | undefined; monthlySpend?: string | ...'.
            Type 'ResolverSuccess<TFieldValues>' is not assignable to type 'ResolverSuccess<{ tipoDemanda: string; cards: { bank?: string | undefined; bankOther?: string | undefined; card?: string | undefined; cardOther?: string | undefined; brand?: string | undefined; brandOther?: string | undefined; category?: string | undefined; categoryOther?: string | undefined; monthlySpend?: string |...'.
              Type 'TFieldValues' is not assignable to type '{ tipoDemanda: string; cards: { bank?: string | undefined; bankOther?: string | undefined; card?: string | undefined; cardOther?: string | undefined; brand?: string | undefined; brandOther?: string | undefined; category?: string | undefined; categoryOther?: string | undefined; monthlySpend?: string | undefined; annu...'.
                Type 'FieldValues' is missing the following properties from type '{ tipoDemanda: string; cards: { bank?: string | undefined; bankOther?: string | undefined; card?: string | undefined; cardOther?: string | undefined; brand?: string | undefined; brandOther?: string | undefined; category?: string | undefined; categoryOther?: string | undefined; monthlySpend?: string | undefined; annu...': tipoDemanda, cards
components/ColetaDadosForm.tsx(740,65): error TS2719: Type 'import("C:/Antigravity/coleta-dados-ffp/node_modules/react-hook-form/dist/types/form").Control<{ tipoDemanda: string; cards: { bank?: string | undefined; bankOther?: string | undefined; card?: string | undefined; cardOther?: string | undefined; brand?: string | undefined; brandOther?: string | undefined; category?: ...' is not assignable to type 'import("C:/Antigravity/coleta-dados-ffp/node_modules/react-hook-form/dist/types/form").Control<{ tipoDemanda: string; cards: { bank?: string | undefined; bankOther?: string | undefined; card?: string | undefined; cardOther?: string | undefined; brand?: string | undefined; brandOther?: string | undefined; category?: ...'. Two different types with this name exist, but they are unrelated.
  The types of '_options.resolver' are incompatible between these types.
    Type 'import("C:/Antigravity/coleta-dados-ffp/node_modules/react-hook-form/dist/types/resolvers").Resolver<{ tipoDemanda: string; cards: { bank?: string | undefined; bankOther?: string | undefined; card?: string | undefined; cardOther?: string | undefined; brand?: string | undefined; brandOther?: string | undefined; categ...' is not assignable to type 'import("C:/Antigravity/coleta-dados-ffp/node_modules/react-hook-form/dist/types/resolvers").Resolver<{ tipoDemanda: string; cards: { bank?: string | undefined; bankOther?: string | undefined; card?: string | undefined; cardOther?: string | undefined; brand?: string | undefined; brandOther?: string | undefined; categ...'. Two different types with this name exist, but they are unrelated.
      Type 'import("C:/Antigravity/coleta-dados-ffp/node_modules/react-hook-form/dist/types/resolvers").Resolver<{ tipoDemanda: string; cards: { bank?: string | undefined; bankOther?: string | undefined; card?: string | undefined; cardOther?: string | undefined; brand?: string | undefined; brandOther?: string | undefined; categ...' is not assignable to type 'import("C:/Antigravity/coleta-dados-ffp/node_modules/react-hook-form/dist/types/resolvers").Resolver<{ tipoDemanda: string; cards: { bank?: string | undefined; bankOther?: string | undefined; card?: string | undefined; cardOther?: string | undefined; brand?: string | undefined; brandOther?: string | undefined; categ...'. Two different types with this name exist, but they are unrelated.
        Type 'import("C:/Antigravity/coleta-dados-ffp/node_modules/react-hook-form/dist/types/resolvers").ResolverResult<{ tipoDemanda: string; cards: { bank?: string | undefined; bankOther?: string | undefined; card?: string | undefined; cardOther?: string | undefined; brand?: string | undefined; brandOther?: string | undefined;...' is not assignable to type 'import("C:/Antigravity/coleta-dados-ffp/node_modules/react-hook-form/dist/types/resolvers").ResolverResult<{ tipoDemanda: string; cards: { bank?: string | undefined; bankOther?: string | undefined; card?: string | undefined; cardOther?: string | undefined; brand?: string | undefined; brandOther?: string | undefined;...'. Two different types with this name exist, but they are unrelated.
          Type 'ResolverSuccess<TFieldValues>' is not assignable to type 'ResolverResult<{ tipoDemanda: string; cards: { bank?: string | undefined; bankOther?: string | undefined; card?: string | undefined; cardOther?: string | undefined; brand?: string | undefined; brandOther?: string | undefined; category?: string | undefined; categoryOther?: string | undefined; monthlySpend?: string | ...'.
            Type 'ResolverSuccess<TFieldValues>' is not assignable to type 'ResolverSuccess<{ tipoDemanda: string; cards: { bank?: string | undefined; bankOther?: string | undefined; card?: string | undefined; cardOther?: string | undefined; brand?: string | undefined; brandOther?: string | undefined; category?: string | undefined; categoryOther?: string | undefined; monthlySpend?: string |...'.
              Type 'TFieldValues' is not assignable to type '{ tipoDemanda: string; cards: { bank?: string | undefined; bankOther?: string | undefined; card?: string | undefined; cardOther?: string | undefined; brand?: string | undefined; brandOther?: string | undefined; category?: string | undefined; categoryOther?: string | undefined; monthlySpend?: string | undefined; annu...'.
                Type 'FieldValues' is missing the following properties from type '{ tipoDemanda: string; cards: { bank?: string | undefined; bankOther?: string | undefined; card?: string | undefined; cardOther?: string | undefined; brand?: string | undefined; brandOther?: string | undefined; category?: string | undefined; categoryOther?: string | undefined; monthlySpend?: string | undefined; annu...': tipoDemanda, cards
components/ColetaDadosForm.tsx(772,80): error TS2719: Type 'import("C:/Antigravity/coleta-dados-ffp/node_modules/react-hook-form/dist/types/form").Control<{ tipoDemanda: string; cards: { bank?: string | undefined; bankOther?: string | undefined; card?: string | undefined; cardOther?: string | undefined; brand?: string | undefined; brandOther?: string | undefined; category?: ...' is not assignable to type 'import("C:/Antigravity/coleta-dados-ffp/node_modules/react-hook-form/dist/types/form").Control<{ tipoDemanda: string; cards: { bank?: string | undefined; bankOther?: string | undefined; card?: string | undefined; cardOther?: string | undefined; brand?: string | undefined; brandOther?: string | undefined; category?: ...'. Two different types with this name exist, but they are unrelated.
  The types of '_options.resolver' are incompatible between these types.
    Type 'import("C:/Antigravity/coleta-dados-ffp/node_modules/react-hook-form/dist/types/resolvers").Resolver<{ tipoDemanda: string; cards: { bank?: string | undefined; bankOther?: string | undefined; card?: string | undefined; cardOther?: string | undefined; brand?: string | undefined; brandOther?: string | undefined; categ...' is not assignable to type 'import("C:/Antigravity/coleta-dados-ffp/node_modules/react-hook-form/dist/types/resolvers").Resolver<{ tipoDemanda: string; cards: { bank?: string | undefined; bankOther?: string | undefined; card?: string | undefined; cardOther?: string | undefined; brand?: string | undefined; brandOther?: string | undefined; categ...'. Two different types with this name exist, but they are unrelated.
      Type 'import("C:/Antigravity/coleta-dados-ffp/node_modules/react-hook-form/dist/types/resolvers").Resolver<{ tipoDemanda: string; cards: { bank?: string | undefined; bankOther?: string | undefined; card?: string | undefined; cardOther?: string | undefined; brand?: string | undefined; brandOther?: string | undefined; categ...' is not assignable to type 'import("C:/Antigravity/coleta-dados-ffp/node_modules/react-hook-form/dist/types/resolvers").Resolver<{ tipoDemanda: string; cards: { bank?: string | undefined; bankOther?: string | undefined; card?: string | undefined; cardOther?: string | undefined; brand?: string | undefined; brandOther?: string | undefined; categ...'. Two different types with this name exist, but they are unrelated.
        Type 'import("C:/Antigravity/coleta-dados-ffp/node_modules/react-hook-form/dist/types/resolvers").ResolverResult<{ tipoDemanda: string; cards: { bank?: string | undefined; bankOther?: string | undefined; card?: string | undefined; cardOther?: string | undefined; brand?: string | undefined; brandOther?: string | undefined;...' is not assignable to type 'import("C:/Antigravity/coleta-dados-ffp/node_modules/react-hook-form/dist/types/resolvers").ResolverResult<{ tipoDemanda: string; cards: { bank?: string | undefined; bankOther?: string | undefined; card?: string | undefined; cardOther?: string | undefined; brand?: string | undefined; brandOther?: string | undefined;...'. Two different types with this name exist, but they are unrelated.
          Type 'ResolverSuccess<TFieldValues>' is not assignable to type 'ResolverResult<{ tipoDemanda: string; cards: { bank?: string | undefined; bankOther?: string | undefined; card?: string | undefined; cardOther?: string | undefined; brand?: string | undefined; brandOther?: string | undefined; category?: string | undefined; categoryOther?: string | undefined; monthlySpend?: string | ...'.
            Type 'ResolverSuccess<TFieldValues>' is not assignable to type 'ResolverSuccess<{ tipoDemanda: string; cards: { bank?: string | undefined; bankOther?: string | undefined; card?: string | undefined; cardOther?: string | undefined; brand?: string | undefined; brandOther?: string | undefined; category?: string | undefined; categoryOther?: string | undefined; monthlySpend?: string |...'.
              Type 'TFieldValues' is not assignable to type '{ tipoDemanda: string; cards: { bank?: string | undefined; bankOther?: string | undefined; card?: string | undefined; cardOther?: string | undefined; brand?: string | undefined; brandOther?: string | undefined; category?: string | undefined; categoryOther?: string | undefined; monthlySpend?: string | undefined; annu...'.
                Type 'FieldValues' is missing the following properties from type '{ tipoDemanda: string; cards: { bank?: string | undefined; bankOther?: string | undefined; card?: string | undefined; cardOther?: string | undefined; brand?: string | undefined; brandOther?: string | undefined; category?: string | undefined; categoryOther?: string | undefined; monthlySpend?: string | undefined; annu...': tipoDemanda, cards
components/ColetaDadosForm.tsx(777,80): error TS2719: Type 'import("C:/Antigravity/coleta-dados-ffp/node_modules/react-hook-form/dist/types/form").Control<{ tipoDemanda: string; cards: { bank?: string | undefined; bankOther?: string | undefined; card?: string | undefined; cardOther?: string | undefined; brand?: string | undefined; brandOther?: string | undefined; category?: ...' is not assignable to type 'import("C:/Antigravity/coleta-dados-ffp/node_modules/react-hook-form/dist/types/form").Control<{ tipoDemanda: string; cards: { bank?: string | undefined; bankOther?: string | undefined; card?: string | undefined; cardOther?: string | undefined; brand?: string | undefined; brandOther?: string | undefined; category?: ...'. Two different types with this name exist, but they are unrelated.
  The types of '_options.resolver' are incompatible between these types.
    Type 'import("C:/Antigravity/coleta-dados-ffp/node_modules/react-hook-form/dist/types/resolvers").Resolver<{ tipoDemanda: string; cards: { bank?: string | undefined; bankOther?: string | undefined; card?: string | undefined; cardOther?: string | undefined; brand?: string | undefined; brandOther?: string | undefined; categ...' is not assignable to type 'import("C:/Antigravity/coleta-dados-ffp/node_modules/react-hook-form/dist/types/resolvers").Resolver<{ tipoDemanda: string; cards: { bank?: string | undefined; bankOther?: string | undefined; card?: string | undefined; cardOther?: string | undefined; brand?: string | undefined; brandOther?: string | undefined; categ...'. Two different types with this name exist, but they are unrelated.
      Type 'import("C:/Antigravity/coleta-dados-ffp/node_modules/react-hook-form/dist/types/resolvers").Resolver<{ tipoDemanda: string; cards: { bank?: string | undefined; bankOther?: string | undefined; card?: string | undefined; cardOther?: string | undefined; brand?: string | undefined; brandOther?: string | undefined; categ...' is not assignable to type 'import("C:/Antigravity/coleta-dados-ffp/node_modules/react-hook-form/dist/types/resolvers").Resolver<{ tipoDemanda: string; cards: { bank?: string | undefined; bankOther?: string | undefined; card?: string | undefined; cardOther?: string | undefined; brand?: string | undefined; brandOther?: string | undefined; categ...'. Two different types with this name exist, but they are unrelated.
        Type 'import("C:/Antigravity/coleta-dados-ffp/node_modules/react-hook-form/dist/types/resolvers").ResolverResult<{ tipoDemanda: string; cards: { bank?: string | undefined; bankOther?: string | undefined; card?: string | undefined; cardOther?: string | undefined; brand?: string | undefined; brandOther?: string | undefined;...' is not assignable to type 'import("C:/Antigravity/coleta-dados-ffp/node_modules/react-hook-form/dist/types/resolvers").ResolverResult<{ tipoDemanda: string; cards: { bank?: string | undefined; bankOther?: string | undefined; card?: string | undefined; cardOther?: string | undefined; brand?: string | undefined; brandOther?: string | undefined;...'. Two different types with this name exist, but they are unrelated.
          Type 'ResolverSuccess<TFieldValues>' is not assignable to type 'ResolverResult<{ tipoDemanda: string; cards: { bank?: string | undefined; bankOther?: string | undefined; card?: string | undefined; cardOther?: string | undefined; brand?: string | undefined; brandOther?: string | undefined; category?: string | undefined; categoryOther?: string | undefined; monthlySpend?: string | ...'.
            Type 'ResolverSuccess<TFieldValues>' is not assignable to type 'ResolverSuccess<{ tipoDemanda: string; cards: { bank?: string | undefined; bankOther?: string | undefined; card?: string | undefined; cardOther?: string | undefined; brand?: string | undefined; brandOther?: string | undefined; category?: string | undefined; categoryOther?: string | undefined; monthlySpend?: string |...'.
              Type 'TFieldValues' is not assignable to type '{ tipoDemanda: string; cards: { bank?: string | undefined; bankOther?: string | undefined; card?: string | undefined; cardOther?: string | undefined; brand?: string | undefined; brandOther?: string | undefined; category?: string | undefined; categoryOther?: string | undefined; monthlySpend?: string | undefined; annu...'.
                Type 'FieldValues' is missing the following properties from type '{ tipoDemanda: string; cards: { bank?: string | undefined; bankOther?: string | undefined; card?: string | undefined; cardOther?: string | undefined; brand?: string | undefined; brandOther?: string | undefined; category?: string | undefined; categoryOther?: string | undefined; monthlySpend?: string | undefined; annu...': tipoDemanda, cards
components/ColetaDadosForm.tsx(782,80): error TS2719: Type 'import("C:/Antigravity/coleta-dados-ffp/node_modules/react-hook-form/dist/types/form").Control<{ tipoDemanda: string; cards: { bank?: string | undefined; bankOther?: string | undefined; card?: string | undefined; cardOther?: string | undefined; brand?: string | undefined; brandOther?: string | undefined; category?: ...' is not assignable to type 'import("C:/Antigravity/coleta-dados-ffp/node_modules/react-hook-form/dist/types/form").Control<{ tipoDemanda: string; cards: { bank?: string | undefined; bankOther?: string | undefined; card?: string | undefined; cardOther?: string | undefined; brand?: string | undefined; brandOther?: string | undefined; category?: ...'. Two different types with this name exist, but they are unrelated.
  The types of '_options.resolver' are incompatible between these types.
    Type 'import("C:/Antigravity/coleta-dados-ffp/node_modules/react-hook-form/dist/types/resolvers").Resolver<{ tipoDemanda: string; cards: { bank?: string | undefined; bankOther?: string | undefined; card?: string | undefined; cardOther?: string | undefined; brand?: string | undefined; brandOther?: string | undefined; categ...' is not assignable to type 'import("C:/Antigravity/coleta-dados-ffp/node_modules/react-hook-form/dist/types/resolvers").Resolver<{ tipoDemanda: string; cards: { bank?: string | undefined; bankOther?: string | undefined; card?: string | undefined; cardOther?: string | undefined; brand?: string | undefined; brandOther?: string | undefined; categ...'. Two different types with this name exist, but they are unrelated.
      Type 'import("C:/Antigravity/coleta-dados-ffp/node_modules/react-hook-form/dist/types/resolvers").Resolver<{ tipoDemanda: string; cards: { bank?: string | undefined; bankOther?: string | undefined; card?: string | undefined; cardOther?: string | undefined; brand?: string | undefined; brandOther?: string | undefined; categ...' is not assignable to type 'import("C:/Antigravity/coleta-dados-ffp/node_modules/react-hook-form/dist/types/resolvers").Resolver<{ tipoDemanda: string; cards: { bank?: string | undefined; bankOther?: string | undefined; card?: string | undefined; cardOther?: string | undefined; brand?: string | undefined; brandOther?: string | undefined; categ...'. Two different types with this name exist, but they are unrelated.
        Type 'import("C:/Antigravity/coleta-dados-ffp/node_modules/react-hook-form/dist/types/resolvers").ResolverResult<{ tipoDemanda: string; cards: { bank?: string | undefined; bankOther?: string | undefined; card?: string | undefined; cardOther?: string | undefined; brand?: string | undefined; brandOther?: string | undefined;...' is not assignable to type 'import("C:/Antigravity/coleta-dados-ffp/node_modules/react-hook-form/dist/types/resolvers").ResolverResult<{ tipoDemanda: string; cards: { bank?: string | undefined; bankOther?: string | undefined; card?: string | undefined; cardOther?: string | undefined; brand?: string | undefined; brandOther?: string | undefined;...'. Two different types with this name exist, but they are unrelated.
          Type 'ResolverSuccess<TFieldValues>' is not assignable to type 'ResolverResult<{ tipoDemanda: string; cards: { bank?: string | undefined; bankOther?: string | undefined; card?: string | undefined; cardOther?: string | undefined; brand?: string | undefined; brandOther?: string | undefined; category?: string | undefined; categoryOther?: string | undefined; monthlySpend?: string | ...'.
            Type 'ResolverSuccess<TFieldValues>' is not assignable to type 'ResolverSuccess<{ tipoDemanda: string; cards: { bank?: string | undefined; bankOther?: string | undefined; card?: string | undefined; cardOther?: string | undefined; brand?: string | undefined; brandOther?: string | undefined; category?: string | undefined; categoryOther?: string | undefined; monthlySpend?: string |...'.
              Type 'TFieldValues' is not assignable to type '{ tipoDemanda: string; cards: { bank?: string | undefined; bankOther?: string | undefined; card?: string | undefined; cardOther?: string | undefined; brand?: string | undefined; brandOther?: string | undefined; category?: string | undefined; categoryOther?: string | undefined; monthlySpend?: string | undefined; annu...'.
                Type 'FieldValues' is missing the following properties from type '{ tipoDemanda: string; cards: { bank?: string | undefined; bankOther?: string | undefined; card?: string | undefined; cardOther?: string | undefined; brand?: string | undefined; brandOther?: string | undefined; category?: string | undefined; categoryOther?: string | undefined; monthlySpend?: string | undefined; annu...': tipoDemanda, cards
components/ColetaDadosForm.tsx(787,80): error TS2719: Type 'import("C:/Antigravity/coleta-dados-ffp/node_modules/react-hook-form/dist/types/form").Control<{ tipoDemanda: string; cards: { bank?: string | undefined; bankOther?: string | undefined; card?: string | undefined; cardOther?: string | undefined; brand?: string | undefined; brandOther?: string | undefined; category?: ...' is not assignable to type 'import("C:/Antigravity/coleta-dados-ffp/node_modules/react-hook-form/dist/types/form").Control<{ tipoDemanda: string; cards: { bank?: string | undefined; bankOther?: string | undefined; card?: string | undefined; cardOther?: string | undefined; brand?: string | undefined; brandOther?: string | undefined; category?: ...'. Two different types with this name exist, but they are unrelated.
  The types of '_options.resolver' are incompatible between these types.
    Type 'import("C:/Antigravity/coleta-dados-ffp/node_modules/react-hook-form/dist/types/resolvers").Resolver<{ tipoDemanda: string; cards: { bank?: string | undefined; bankOther?: string | undefined; card?: string | undefined; cardOther?: string | undefined; brand?: string | undefined; brandOther?: string | undefined; categ...' is not assignable to type 'import("C:/Antigravity/coleta-dados-ffp/node_modules/react-hook-form/dist/types/resolvers").Resolver<{ tipoDemanda: string; cards: { bank?: string | undefined; bankOther?: string | undefined; card?: string | undefined; cardOther?: string | undefined; brand?: string | undefined; brandOther?: string | undefined; categ...'. Two different types with this name exist, but they are unrelated.
      Type 'import("C:/Antigravity/coleta-dados-ffp/node_modules/react-hook-form/dist/types/resolvers").Resolver<{ tipoDemanda: string; cards: { bank?: string | undefined; bankOther?: string | undefined; card?: string | undefined; cardOther?: string | undefined; brand?: string | undefined; brandOther?: string | undefined; categ...' is not assignable to type 'import("C:/Antigravity/coleta-dados-ffp/node_modules/react-hook-form/dist/types/resolvers").Resolver<{ tipoDemanda: string; cards: { bank?: string | undefined; bankOther?: string | undefined; card?: string | undefined; cardOther?: string | undefined; brand?: string | undefined; brandOther?: string | undefined; categ...'. Two different types with this name exist, but they are unrelated.
        Type 'import("C:/Antigravity/coleta-dados-ffp/node_modules/react-hook-form/dist/types/resolvers").ResolverResult<{ tipoDemanda: string; cards: { bank?: string | undefined; bankOther?: string | undefined; card?: string | undefined; cardOther?: string | undefined; brand?: string | undefined; brandOther?: string | undefined;...' is not assignable to type 'import("C:/Antigravity/coleta-dados-ffp/node_modules/react-hook-form/dist/types/resolvers").ResolverResult<{ tipoDemanda: string; cards: { bank?: string | undefined; bankOther?: string | undefined; card?: string | undefined; cardOther?: string | undefined; brand?: string | undefined; brandOther?: string | undefined;...'. Two different types with this name exist, but they are unrelated.
          Type 'ResolverSuccess<TFieldValues>' is not assignable to type 'ResolverResult<{ tipoDemanda: string; cards: { bank?: string | undefined; bankOther?: string | undefined; card?: string | undefined; cardOther?: string | undefined; brand?: string | undefined; brandOther?: string | undefined; category?: string | undefined; categoryOther?: string | undefined; monthlySpend?: string | ...'.
            Type 'ResolverSuccess<TFieldValues>' is not assignable to type 'ResolverSuccess<{ tipoDemanda: string; cards: { bank?: string | undefined; bankOther?: string | undefined; card?: string | undefined; cardOther?: string | undefined; brand?: string | undefined; brandOther?: string | undefined; category?: string | undefined; categoryOther?: string | undefined; monthlySpend?: string |...'.
              Type 'TFieldValues' is not assignable to type '{ tipoDemanda: string; cards: { bank?: string | undefined; bankOther?: string | undefined; card?: string | undefined; cardOther?: string | undefined; brand?: string | undefined; brandOther?: string | undefined; category?: string | undefined; categoryOther?: string | undefined; monthlySpend?: string | undefined; annu...'.
                Type 'FieldValues' is missing the following properties from type '{ tipoDemanda: string; cards: { bank?: string | undefined; bankOther?: string | undefined; card?: string | undefined; cardOther?: string | undefined; brand?: string | undefined; brandOther?: string | undefined; category?: string | undefined; categoryOther?: string | undefined; monthlySpend?: string | undefined; annu...': tipoDemanda, cards
tests/verify-upload.spec.ts(2,30): error TS2307: Cannot find module '@playwright/test' or its corresponding type declarations.
tests/verify-upload.spec.ts(4,56): error TS7031: Binding element 'page' implicitly has an 'any' type.
tests/verify-upload.spec.ts(40,24): error TS7006: Parameter 'msg' implicitly has an 'any' type.
